// Jest Snapshot v1, https://goo.gl/fbAQLP

exports[`<Product /> Renders and matches the snapshot 1`] = `
<div>
  <div
    class="ItemStyles-sc-16pk14u-0 fAcGEr"
  >
    <img
      alt="dogs are best"
      src="dog.jpg"
    />
    <h3
      class="Title-sc-16nq74k-0 fPQljb"
    >
      <a
        href="/product/abc123"
      >
        dogs are best
      </a>
    </h3>
    <span
      class="PriceTag-sc-nwbk6t-0 ffUdgI"
    >
      $50.00
    </span>
  </div>
</div>
`;
